wikidatawiki/20191001/wikidatawiki-20191001-mappingbased-objects-disjoint-range.ttl.bz2
wikidatawiki/20191001/wikidatawiki-20191001-interlanguage-links-ca.ttl.bz2
wikidatawiki/20191001/wikidatawiki-20191001-interlanguage-links-sv.ttl.bz2
wikidatawiki/20191001/wikidatawiki-20191001-instance-types-transitive.ttl.bz2
wikidatawiki/20191001/wikidatawiki-20191001-interlanguage-links-en.ttl.bz2
wikidatawiki/20191001/wikidatawiki-20191001-interlanguage-links-be.ttl.bz2
wikidatawiki/20191001/wikidatawiki-20191001-images.ttl.bz2
wikidatawiki/20191001/wikidatawiki-20191001-interlanguage-links-hu.ttl.bz2
wikidatawiki/20191001/wikidatawiki-20191001-interlanguage-links-fr.ttl.bz2
wikidatawiki/20191001/wikidatawiki-20191001-references.ttl.bz2
wikidatawiki/20191001/index.html
wikidatawiki/20191001/wikidatawiki-20191001-mappingbased-properties-reified-qualifiers.ttl.bz2
wikidatawiki/20191001/wikidatawiki-20191001-mappingbased-objects-disjoint-domain.ttl.bz2
wikidatawiki/20191001/wikidatawiki-20191001-interlanguage-links-eo.ttl.bz2
wikidatawiki/20191001/wikidatawiki-20191001-interlanguage-links-ar.ttl.bz2
wikidatawiki/20191001/wikidatawiki-20191001-download-complete
wikidatawiki/20191001/wikidatawiki-20191001-wikidata-duplicate-iri-split.ttl.bz2
wikidatawiki/20191001/wikidatawiki-20191001-interlanguage-links-vi.ttl.bz2
wikidatawiki/20191001/wikidatawiki-20191001-sameas-wikidata.ttl.bz2
wikidatawiki/20191001/wikidatawiki-20191001-instance-types.ttl.bz2
wikidatawiki/20191001/wikidatawiki-20191001-interlanguage-links-pl.ttl.bz2
wikidatawiki/20191001/wikidatawiki-20191001-interlanguage-links-eu.ttl.bz2
wikidatawiki/20191001/wikidatawiki-20191001-interlanguage-links-sk.ttl.bz2
wikidatawiki/20191001/wikidatawiki-20191001-interlanguage-links-gl.ttl.bz2
wikidatawiki/20191001/wikidatawiki-20191001-interlanguage-links-ko.ttl.bz2
wikidatawiki/20191001/wikidatawiki-20191001-labels.ttl.bz2
wikidatawiki/20191001/wikidatawiki-20191001-mappingbased-literals.ttl.bz2
wikidatawiki/20191001/wikidatawiki-20191001-interlanguage-links-sr.ttl.bz2
wikidatawiki/20191001/wikidatawiki-20191001-alias.ttl.bz2
wikidatawiki/20191001/wikidatawiki-20191001-interlanguage-links-es.ttl.bz2
wikidatawiki/20191001/wikidatawiki-20191001-extraction-complete
wikidatawiki/20191001/wikidatawiki-20191001-interlanguage-links-az.ttl.bz2
wikidatawiki/20191001/wikidatawiki-20191001-interlanguage-links-bg.ttl.bz2
wikidatawiki/20191001/wikidatawiki-20191001-interlanguage-links-uk.ttl.bz2
wikidatawiki/20191001/wikidatawiki-20191001-mappingbased-properties-reified.ttl.bz2
wikidatawiki/20191001/wikidatawiki-20191001-interlanguage-links-ru.ttl.bz2
wikidatawiki/20191001/wikidatawiki-20191001-interlanguage-links-id.ttl.bz2
wikidatawiki/20191001/wikidatawiki-20191001-interlanguage-links-tr.ttl.bz2
wikidatawiki/20191001/wikidatawiki-20191001-mappingbased-objects-uncleaned.ttl.bz2
wikidatawiki/20191001/wikidatawiki-20191001-mappingbased-objects.ttl.bz2
wikidatawiki/20191001/wikidatawiki-20191001-properties.ttl.bz2
wikidatawiki/20191001/wikidatawiki-20191001-ontology-subclassof.ttl.bz2
wikidatawiki/20191001/wikidatawiki-20191001-interlanguage-links-hr.ttl.bz2
wikidatawiki/20191001/wikidatawiki-20191001-wikidata-r2r-mapping-errors.ttl.bz2
wikidatawiki/20191001/wikidatawiki-20191001-interlanguage-links-pt.ttl.bz2
wikidatawiki/20191001/wikidatawiki-20191001-sameas-external.ttl.bz2
wikidatawiki/20191001/wikidatawiki-20191001-template-redirects.obj
wikidatawiki/20191001/wikidatawiki-20191001-description.ttl.bz2
wikidatawiki/20191001/wikidatawiki-20191001-interlanguage-links-mk.ttl.bz2
wikidatawiki/20191001/wikidatawiki-20191001-description-nmw.ttl.bz2
wikidatawiki/20191001/wikidatawiki-20191001-geo-coordinates.ttl.bz2
wikidatawiki/20191001/wikidatawiki-20191001-interlanguage-links-lv.ttl.bz2
wikidatawiki/20191001/wikidatawiki-20191001-interlanguage-links-cy.ttl.bz2
wikidatawiki/20191001/wikidatawiki-20191001-interlanguage-links-bn.ttl.bz2
wikidatawiki/20191001/wikidatawiki-20191001-interlanguage-links-commons.ttl.bz2
wikidatawiki/20191001/wikidatawiki-20191001-interlanguage-links-hi.ttl.bz2
wikidatawiki/20191001/wikidatawiki-20191001-interlanguage-links-it.ttl.bz2
wikidatawiki/20191001/wikidatawiki-20191001-interlanguage-links-el.ttl.bz2
wikidatawiki/20191001/wikidatawiki-20191001-interlanguage-links-ga.ttl.bz2
wikidatawiki/20191001/wikidatawiki-20191001-interlanguage-links-ja.ttl.bz2
wikidatawiki/20191001/wikidatawiki-20191001-interlanguage-links-sl.ttl.bz2
wikidatawiki/20191001/wikidatawiki-20191001-interlanguage-links-cs.ttl.bz2
wikidatawiki/20191001/wikidatawiki-20191001-pages-articles-multistream.xml.bz2
wikidatawiki/20191001/wikidatawiki-20191001-interlanguage-links-hy.ttl.bz2
wikidatawiki/20191001/wikidatawiki-20191001-alias-nmw.ttl.bz2
wikidatawiki/20191001/wikidatawiki-20191001-interlanguage-links-de.ttl.bz2
wikidatawiki/20191001/wikidatawiki-20191001-interlanguage-links-nl.ttl.bz2
wikidatawiki/20191001/wikidatawiki-20191001-interlanguage-links-ro.ttl.bz2
wikidatawiki/20191001/wikidatawiki-20191001-wikidata-type-like-statements.ttl.bz2
wikidatawiki/20191001/wikidatawiki-20191001-labels-nmw.ttl.bz2
